// Jest Snapshot v1, https://goo.gl/fbAQLP

exports[`App renders the UI as expected 1`] = `
<main
  className="App"
>
  <header
    role="banner"
  >
    <a
      className="link"
      href="/"
      onClick={[Function]}
    >
      <img
        alt="Logo of the Line Please! app"
        className="logo"
        src="LogoLinePlease.png"
      />
    </a>
    <p>
      Making sure you know your words
    </p>
  </header>
  <section>
    <a
      href="/teleprompt"
      onClick={[Function]}
    >
      <button>
        Start Practicing
      </button>
    </a>
    <a
      href="/upload"
      onClick={[Function]}
    >
      <button>
        Upload New
      </button>
    </a>
    <a
      href="/listText"
      onClick={[Function]}
    >
      <button>
        View/Delete Texts
      </button>
    </a>
  </section>
  <div
    id="landing"
  >
    <h3>
      Welcome to Line Please!
    </h3>
    <p>
      Do you need to memorize anything? 
      <br />
      <span
        className="appName"
      >
        Line Please!
      </span>
       helps you commit any blocks of text into memory! Using a teleprompt-like tool, you can have your text be displayed in chronological order as you recite and memorize it to heart.
      <br />
      <br />
      As you become more familiar with your text, you can make it only show the first two words of each line--prompting you to recall the rest of the line.
    </p>
    <p>
       
      <span
        className="appName"
      >
        Line Please!
      </span>
       is perfect for:
    </p>
    <ul
      className="landingUL"
    >
      <li
        className="landingList"
      >
        Speeches
      </li>
      <li
        className="landingList"
      >
        Monologues
      </li>
      <li
        className="landingList"
      >
        Poetry
      </li>
      <li
        className="landingList"
      >
        Words to a song
      </li>
      <li
        className="landingList"
      >
        Speaking to your boss/significant other/crush/etc.
      </li>
    </ul>
    <p>
      Hit 
      <a
        className="link"
        href="/upload"
        onClick={[Function]}
      >
        Upload new
      </a>
       to upload your text and start practicing!
    </p>
    <h3>
      Happy Memorizing!
    </h3>
  </div>
</main>
`;
